// Vitest Snapshot v1, https://vitest.dev/guide/snapshot.html

exports[`<CopyToClipboardIcon /> > wraps expected components 1`] = `
<div>
  <button
    aria-label="Copy foo to clipboard"
    class="border-0 ms-2 p-0"
    style="background-color: inherit; font-weight: inherit;"
    type="button"
  >
    <svg
      aria-hidden="true"
      class="svg-inline--fa fa-clone fs-5"
      data-icon="clone"
      data-prefix="far"
      focusable="false"
      role="img"
      viewBox="0 0 512 512"
      xmlns="http://www.w3.org/2000/svg"
    >
      <path
        d="M64 464H288c8.8 0 16-7.2 16-16V384h48v64c0 35.3-28.7 64-64 64H64c-35.3 0-64-28.7-64-64V224c0-35.3 28.7-64 64-64h64v48H64c-8.8 0-16 7.2-16 16V448c0 8.8 7.2 16 16 16zM224 304H448c8.8 0 16-7.2 16-16V64c0-8.8-7.2-16-16-16H224c-8.8 0-16 7.2-16 16V288c0 8.8 7.2 16 16 16zm-64-16V64c0-35.3 28.7-64 64-64H448c35.3 0 64 28.7 64 64V288c0 35.3-28.7 64-64 64H224c-35.3 0-64-28.7-64-64z"
        fill="currentColor"
      />
    </svg>
  </button>
</div>
`;
